// Jest Snapshot v1, https://goo.gl/fbAQLP

exports[`components/component/Percentage renders correctly 1`] = `
<div>
  0.1%
</div>
`;
