// Jest Snapshot v1, https://goo.gl/fbAQLP

exports[`components/component/PercentageText renders correctly 1`] = `
<div>
  100%
</div>
`;
